;/////////////////////////////////////////////////////////////////////////////////
;// Code Generator: BoostC Compiler - http://www.sourceboost.com
;// Version       : 8.01
;// License Type  : Pro License
;// Limitations   : PIC12,PIC16 max code size:Unlimited, max RAM banks:Unlimited
;/////////////////////////////////////////////////////////////////////////////////

	ORG 0x00000000
0000  288E  	GOTO	_startup
	ORG 0x00000004
0004  00DF  	MOVWF Int1Context
0005  0E03  	SWAPF STATUS, W
0006  1283  	BCF STATUS, RP0
0007  00A0  	MOVWF Int1BContext
0008  0E0A  	SWAPF PCLATH, W
0009  00A1  	MOVWF Int1BContext+D'1'
000A  0E04  	SWAPF FSR, W
000B  00A2  	MOVWF Int1BContext+D'2'
000C  118A  	BCF PCLATH,3
000D  120A  	BCF PCLATH,4
000E  2894  	GOTO	interrupt
	ORG 0x00000010
0010        initialise_00000
0010        ; { initialise ; function begin
0010  23FF  	CALL 0x000003FF
0011  1283  	BCF STATUS, RP0
0012  1683  	BSF gbl_status,5
0013  1683  	BSF STATUS, RP0
0014  0090  	MOVWF gbl_osccal
0015  1283  	BCF STATUS, RP0
0016  1283  	BCF gbl_status,5
0017  3008  	MOVLW 0x08
0018  1683  	BSF STATUS, RP0
0019  0085  	MOVWF gbl_trisio
001A  1283  	BCF STATUS, RP0
001B  0085  	MOVWF gbl_gpio
001C  1683  	BSF STATUS, RP0
001D  019F  	CLRF gbl_ansel
001E  3007  	MOVLW 0x07
001F  1283  	BCF STATUS, RP0
0020  0099  	MOVWF gbl_cmcon
0021  3088  	MOVLW 0x88
0022  1683  	BSF STATUS, RP0
0023  0081  	MOVWF gbl_option_reg
0024  1596  	BSF gbl_ioc,3
0025  1283  	BCF STATUS, RP0
0026  158B  	BSF gbl_intcon,3
0027  01A8  	CLRF gbl_cTask
0028  01A9  	CLRF gbl_iDebounceCounter
0029  01AA  	CLRF gbl_iDebounceTicks
002A  01A7  	CLRF gbl_iSetTime
002B  01A5  	CLRF gbl_iSec
002C  01A6  	CLRF gbl_iMin
002D  178B  	BSF gbl_intcon,7
002E  170B  	BSF gbl_intcon,6
002F  0008  	RETURN
0030        ; } initialise function end

	ORG 0x00000030
0030        main
0030        ; { main ; function begin
0030  2010  	CALL initialise_00000
0031        label1
0031  118A  	BCF PCLATH,3
0032  120A  	BCF PCLATH,4
0033  1C28  	BTFSS gbl_cTask,0
0034  283D  	GOTO	label2
0035  0181  	CLRF gbl_tmr0
0036  01A3  	CLRF gbl_bres
0037  01A4  	CLRF gbl_bres+D'1'
0038  01A9  	CLRF gbl_iDebounceCounter
0039  01AA  	CLRF gbl_iDebounceTicks
003A  168B  	BSF gbl_intcon,5
003B  1028  	BCF gbl_cTask,0
003C  286C  	GOTO	label9
003D        label2
003D  1D28  	BTFSS gbl_cTask,2
003E  286C  	GOTO	label9
003F  0329  	DECF gbl_iDebounceCounter, W
0040  1D03  	BTFSS STATUS,Z
0041  2865  	GOTO	label7
0042  1985  	BTFSC gbl_gpio,3
0043  2865  	GOTO	label7
0044  08A7  	MOVF gbl_iSetTime, F
0045  1D03  	BTFSS STATUS,Z
0046  2850  	GOTO	label3
0047  01A5  	CLRF gbl_iSec
0048  01A6  	CLRF gbl_iMin
0049  01A3  	CLRF gbl_bres
004A  01A4  	CLRF gbl_bres+D'1'
004B  300A  	MOVLW 0x0A
004C  00A7  	MOVWF gbl_iSetTime
004D  1005  	BCF gbl_gpio,0
004E  1485  	BSF gbl_gpio,1
004F  285C  	GOTO	label5
0050        label3
0050  0827  	MOVF gbl_iSetTime, W
0051  3A0A  	XORLW 0x0A
0052  1D03  	BTFSS STATUS,Z
0053  2859  	GOTO	label4
0054  3014  	MOVLW 0x14
0055  00A7  	MOVWF gbl_iSetTime
0056  1405  	BSF gbl_gpio,0
0057  1085  	BCF gbl_gpio,1
0058  285C  	GOTO	label5
0059        label4
0059  01A7  	CLRF gbl_iSetTime
005A  1005  	BCF gbl_gpio,0
005B  1085  	BCF gbl_gpio,1
005C        label5
005C  0827  	MOVF gbl_iSetTime, W
005D  3C00  	SUBLW 0x00
005E  1803  	BTFSC STATUS,C
005F  2862  	GOTO	label6
0060  1505  	BSF gbl_gpio,2
0061  286B  	GOTO	label8
0062        label6
0062  1105  	BCF gbl_gpio,2
0063  128B  	BCF gbl_intcon,5
0064  286B  	GOTO	label8
0065        label7
0065  0829  	MOVF gbl_iDebounceCounter, W
0066  3C02  	SUBLW 0x02
0067  1803  	BTFSC STATUS,C
0068  286B  	GOTO	label8
0069  1985  	BTFSC gbl_gpio,3
006A  158B  	BSF gbl_intcon,3
006B        label8
006B  1128  	BCF gbl_cTask,2
006C        label9
006C  1CA8  	BTFSS gbl_cTask,1
006D  2888  	GOTO	label13
006E  0826  	MOVF gbl_iMin, W
006F  0227  	SUBWF gbl_iSetTime, W
0070  00AB  	MOVWF CompTempVar548
0071  082B  	MOVF CompTempVar548, W
0072  3C0A  	SUBLW 0x0A
0073  1803  	BTFSC STATUS,C
0074  287A  	GOTO	label10
0075  0805  	MOVF gbl_gpio, W
0076  3A01  	XORLW 0x01
0077  0085  	MOVWF gbl_gpio
0078  1085  	BCF gbl_gpio,1
0079  287E  	GOTO	label11
007A        label10
007A  1005  	BCF gbl_gpio,0
007B  0805  	MOVF gbl_gpio, W
007C  3A02  	XORLW 0x02
007D  0085  	MOVWF gbl_gpio
007E        label11
007E  0827  	MOVF gbl_iSetTime, W
007F  0226  	SUBWF gbl_iMin, W
0080  1C03  	BTFSS STATUS,C
0081  2887  	GOTO	label12
0082  1105  	BCF gbl_gpio,2
0083  01A7  	CLRF gbl_iSetTime
0084  1005  	BCF gbl_gpio,0
0085  1085  	BCF gbl_gpio,1
0086  128B  	BCF gbl_intcon,5
0087        label12
0087  10A8  	BCF gbl_cTask,1
0088        label13
0088  1A8B  	BTFSC gbl_intcon,5
0089  2831  	GOTO	label1
008A  158B  	BSF gbl_intcon,3
008B  0063  	SLEEP
008C  0000  	NOP
008D  2831  	GOTO	label1
008E        ; } main function end

	ORG 0x0000008E
008E        _startup
008E  1283  	BCF STATUS, RP0
008F  01A3  	CLRF gbl_bres
0090  01A4  	CLRF gbl_bres+D'1'
0091  118A  	BCF PCLATH,3
0092  120A  	BCF PCLATH,4
0093  2830  	GOTO	main
	ORG 0x00000094
0094        interrupt
0094        ; { interrupt ; function begin
0094  1283  	BCF STATUS, RP0
0095  1C0B  	BTFSS gbl_intcon,0
0096  289E  	GOTO	label15
0097  1D8B  	BTFSS gbl_intcon,3
0098  289E  	GOTO	label15
0099  1428  	BSF gbl_cTask,0
009A  0805  	MOVF gbl_gpio, W
009B  00AC  	MOVWF interrupt_2_readgpio
009C  100B  	BCF gbl_intcon,0
009D  118B  	BCF gbl_intcon,3
009E        label15
009E  1D0B  	BTFSS gbl_intcon,2
009F  28CC  	GOTO	label20
00A0  1E8B  	BTFSS gbl_intcon,5
00A1  28CC  	GOTO	label20
00A2  3010  	MOVLW 0x10
00A3  07A3  	ADDWF gbl_bres, F
00A4  1803  	BTFSC STATUS,C
00A5  0AA4  	INCF gbl_bres+D'1', F
00A6  30F4  	MOVLW 0xF4
00A7  0224  	SUBWF gbl_bres+D'1', W
00A8  1D03  	BTFSS STATUS,Z
00A9  28AC  	GOTO	label16
00AA  3024  	MOVLW 0x24
00AB  0223  	SUBWF gbl_bres, W
00AC        label16
00AC  1C03  	BTFSS STATUS,C
00AD  28BF  	GOTO	label18
00AE  3024  	MOVLW 0x24
00AF  02A3  	SUBWF gbl_bres, F
00B0  30F4  	MOVLW 0xF4
00B1  1C03  	BTFSS STATUS,C
00B2  03A4  	DECF gbl_bres+D'1', F
00B3  02A4  	SUBWF gbl_bres+D'1', F
00B4  08A7  	MOVF gbl_iSetTime, F
00B5  1903  	BTFSC STATUS,Z
00B6  28BF  	GOTO	label18
00B7  0AA5  	INCF gbl_iSec, F
00B8  0825  	MOVF gbl_iSec, W
00B9  3A3C  	XORLW 0x3C
00BA  1D03  	BTFSS STATUS,Z
00BB  28BE  	GOTO	label17
00BC  0AA6  	INCF gbl_iMin, F
00BD  01A5  	CLRF gbl_iSec
00BE        label17
00BE  14A8  	BSF gbl_cTask,1
00BF        label18
00BF  300A  	MOVLW 0x0A
00C0  0229  	SUBWF gbl_iDebounceCounter, W
00C1  1803  	BTFSC STATUS,C
00C2  28CB  	GOTO	label19
00C3  0AAA  	INCF gbl_iDebounceTicks, F
00C4  082A  	MOVF gbl_iDebounceTicks, W
00C5  3AC8  	XORLW 0xC8
00C6  1D03  	BTFSS STATUS,Z
00C7  28CB  	GOTO	label19
00C8  0AA9  	INCF gbl_iDebounceCounter, F
00C9  01AA  	CLRF gbl_iDebounceTicks
00CA  1528  	BSF gbl_cTask,2
00CB        label19
00CB  110B  	BCF gbl_intcon,2
00CC        label20
00CC  0E22  	SWAPF Int1BContext+D'2', W
00CD  0084  	MOVWF FSR
00CE  0E21  	SWAPF Int1BContext+D'1', W
00CF  008A  	MOVWF PCLATH
00D0  0E20  	SWAPF Int1BContext, W
00D1  0083  	MOVWF STATUS
00D2  0EDF  	SWAPF Int1Context, F
00D3  0E5F  	SWAPF Int1Context, W
00D4  0009  	RETFIE
00D5        ; } interrupt function end

	ORG 0x00002007
2007  3FC1  	DW 0x3FC1
